// Jest Snapshot v1, https://goo.gl/fbAQLP

exports[`#next() 1`] = `
Object {
  "done": false,
  "value": Array [
    0,
    1,
  ],
}
`;

exports[`#next() 2`] = `
Object {
  "done": false,
  "value": Array [
    1,
    2,
  ],
}
`;

exports[`#next() 3`] = `
Object {
  "done": false,
  "value": Array [
    2,
    3,
  ],
}
`;

exports[`#next() 4`] = `
Object {
  "done": true,
  "value": undefined,
}
`;
