// Jest Snapshot v1, https://goo.gl/fbAQLP

exports[`#@@iterator() 1`] = `"test"`;

exports[`#@@iterator() 2`] = `"test"`;

exports[`#@@iterator() 3`] = `"test"`;

exports[`#next() 1`] = `
Object {
  "done": false,
  "value": "test",
}
`;

exports[`#next() 2`] = `
Object {
  "done": false,
  "value": "test",
}
`;

exports[`#next() 3`] = `
Object {
  "done": false,
  "value": "test",
}
`;

exports[`#next() 4`] = `
Object {
  "done": true,
  "value": undefined,
}
`;
