// Jest Snapshot v1, https://goo.gl/fbAQLP

exports[`.of() 1`] = `
IndexedProducer {
  "size": 3,
  "source": Array [
    1,
    2,
    3,
  ],
  "state": 0,
}
`;
