// Jest Snapshot v1, https://goo.gl/fbAQLP

exports[`.of() 1`] = `
Indexed {
  "index": 0,
  "source": Array [
    1,
    2,
    3,
  ],
}
`;
