// Jest Snapshot v1, https://goo.gl/fbAQLP

exports[`#constructor() 1`] = `
CycleProducer {
  "source": "test",
  "state": 0,
}
`;
