// Jest Snapshot v1, https://goo.gl/fbAQLP

exports[`#constructor() 1`] = `
ReadableWrapper {
  "cancel": [Function],
  "pipe": ReadablePipe {
    "_events": Object {
      "close": [Function],
      "drain": [Function],
      "end": [Function],
      "error": Array [
        [Function],
        [Function],
        [Function],
      ],
      "finish": [Function],
      "prefinish": [Function],
      "unpipe": [Function],
    },
    "_eventsCount": 7,
    "_maxListeners": undefined,
    "_readableState": ReadableState {
      "awaitDrain": 0,
      "buffer": BufferList {
        "head": null,
        "length": 0,
        "tail": null,
      },
      "decoder": null,
      "defaultEncoding": "utf8",
      "destroyed": false,
      "emittedReadable": false,
      "encoding": null,
      "endEmitted": false,
      "ended": false,
      "flowing": false,
      "highWaterMark": 16384,
      "length": 0,
      "needReadable": true,
      "objectMode": false,
      "pipes": null,
      "pipesCount": 0,
      "readableListening": false,
      "reading": false,
      "readingMore": false,
      "resumeScheduled": false,
      "sync": false,
    },
    "_transformState": Object {
      "afterTransform": [Function],
      "needTransform": false,
      "transforming": false,
      "writecb": null,
      "writechunk": null,
      "writeencoding": null,
    },
    "_writableState": WritableState {
      "bufferProcessing": false,
      "bufferedRequest": null,
      "bufferedRequestCount": 0,
      "corked": 0,
      "corkedRequestsFree": Object {
        "entry": null,
        "finish": [Function],
        "next": null,
      },
      "decodeStrings": true,
      "defaultEncoding": "utf8",
      "destroyed": false,
      "ended": false,
      "ending": false,
      "errorEmitted": false,
      "finalCalled": false,
      "finished": false,
      "highWaterMark": 16384,
      "lastBufferedRequest": null,
      "length": 0,
      "needDrain": false,
      "objectMode": false,
      "onwrite": [Function],
      "pendingcb": 0,
      "prefinished": false,
      "sync": true,
      "writecb": null,
      "writelen": 0,
      "writing": false,
    },
    "allowHalfOpen": true,
    "domain": null,
    "done": false,
    "error": undefined,
    "readable": true,
    "removeAllListeners": [Function],
    "writable": true,
  },
  "source": Readable {
    "_events": Object {
      "data": [Function],
      "end": [Function],
      "error": [Function],
    },
    "_eventsCount": 3,
    "_maxListeners": undefined,
    "_read": [Function],
    "_readableState": ReadableState {
      "awaitDrain": 0,
      "buffer": BufferList {
        "head": null,
        "length": 0,
        "tail": null,
      },
      "decoder": null,
      "defaultEncoding": "utf8",
      "destroyed": false,
      "emittedReadable": false,
      "encoding": null,
      "endEmitted": false,
      "ended": false,
      "flowing": true,
      "highWaterMark": 16384,
      "length": 0,
      "needReadable": false,
      "objectMode": false,
      "pipes": ReadablePipe {
        "_events": Object {
          "close": [Function],
          "drain": [Function],
          "end": [Function],
          "error": Array [
            [Function],
            [Function],
            [Function],
          ],
          "finish": [Function],
          "prefinish": [Function],
          "unpipe": [Function],
        },
        "_eventsCount": 7,
        "_maxListeners": undefined,
        "_readableState": ReadableState {
          "awaitDrain": 0,
          "buffer": BufferList {
            "head": null,
            "length": 0,
            "tail": null,
          },
          "decoder": null,
          "defaultEncoding": "utf8",
          "destroyed": false,
          "emittedReadable": false,
          "encoding": null,
          "endEmitted": false,
          "ended": false,
          "flowing": false,
          "highWaterMark": 16384,
          "length": 0,
          "needReadable": true,
          "objectMode": false,
          "pipes": null,
          "pipesCount": 0,
          "readableListening": false,
          "reading": false,
          "readingMore": false,
          "resumeScheduled": false,
          "sync": false,
        },
        "_transformState": Object {
          "afterTransform": [Function],
          "needTransform": false,
          "transforming": false,
          "writecb": null,
          "writechunk": null,
          "writeencoding": null,
        },
        "_writableState": WritableState {
          "bufferProcessing": false,
          "bufferedRequest": null,
          "bufferedRequestCount": 0,
          "corked": 0,
          "corkedRequestsFree": Object {
            "entry": null,
            "finish": [Function],
            "next": null,
          },
          "decodeStrings": true,
          "defaultEncoding": "utf8",
          "destroyed": false,
          "ended": false,
          "ending": false,
          "errorEmitted": false,
          "finalCalled": false,
          "finished": false,
          "highWaterMark": 16384,
          "lastBufferedRequest": null,
          "length": 0,
          "needDrain": false,
          "objectMode": false,
          "onwrite": [Function],
          "pendingcb": 0,
          "prefinished": false,
          "sync": true,
          "writecb": null,
          "writelen": 0,
          "writing": false,
        },
        "allowHalfOpen": true,
        "domain": null,
        "done": false,
        "error": undefined,
        "readable": true,
        "removeAllListeners": [Function],
        "writable": true,
      },
      "pipesCount": 1,
      "readableListening": false,
      "reading": false,
      "readingMore": false,
      "resumeScheduled": true,
      "sync": true,
    },
    "domain": null,
    "readable": true,
    "unpipe": [Function],
  },
}
`;
